update\updateEvents$14.class
update\updateStud$1.class
com\raven\datechooser\Button.class
raven\cell\TableActionCellRender.class
update\updateEvent1$4.class
update\updateEvent$23.class
dbcon\updateStudent.class
attendanceForms\manualCheckin1$2.class
attendanceForms\manualCheckout$1.class
com\raven\event\EventTimeChange.class
update\updateEvents$8.class
table\TableCustom$2.class
com\raven\datechooser\Button$1.class
update\updateEvent$16.class
add\addStudent$6.class
add\addEvent$22.class
attendanceForms\manualCheckin1.class
table\TableScrollButton$1.class
update\updateStud$7.class
test\Test$2.class
com\raven\swing\TimeComponent.class
attendanceForms\manualCheckout$ButtonEditor$1.class
com\raven\swing\TimePickerButton$1.class
raven\effect\RippleEffect.class
multiSelectComboBox\ComboBoxMultiSelection$CheckBoxIcon.class
update\updateEvent$10.class
dbcon\contributionDao.class
scroll\ScrollBarCustomUI$ScrollButton.class
com\raven\datechooser\DateChooser$5.class
effect\RippleEffect$1.class
tablesForm\studentsList$5.class
update\updateEvents$2.class
update\updateEvent$5.class
update\updateEvents$21.class
com\raven\swing\TimePicker$5.class
update\updateEvent1$24.class
add\addEvent$10.class
update\updateEvents$19.class
raven\cell\PanelAction.class
update\updateEvent1$12.class
table\TableCustomCellRender.class
add\addStudent$1.class
com\raven\datechooser\DateChooser$4.class
update\updateEvents$3.class
tablesForm\studentsList$4.class
update\updateEvent1$25.class
update\updateStud$6.class
update\updateEvent$6.class
frosttech\neweventhandler\LoginForm$2.class
attendanceForms\attendanceSheet$6.class
table\TableCustom.class
com\raven\event\EventTimeSelected.class
update\updateEvent$24.class
com\raven\swing\TimeComponent$2.class
com\raven\datechooser\Slider$5.class
update\updateEvent1$9.class
update\updateEvent$11.class
dbcon\adminAdd.class
update\updateEvents$15.class
tablesForm\eventList$1.class
frosttech\neweventhandler\LoginForm$1.class
table\TableCustom$1.class
initializer\validators.class
raven\cell\PanelAction$1.class
view\view$1.class
Main\index$2.class
update\updateEvent1$3.class
attendanceForms\attendanceSheet$5.class
com\raven\swing\TimeComponent$1.class
dbcon\facilitatorAdd.class
raven\cell\TableActionCellEditor.class
update\updateEvents$26.class
com\raven\datechooser\Slider$6.class
combobox\ComboBoxMultiSelection$Item.class
raven\swing\shadow\ShadowRenderer.class
table\HoverIndex.class
add\addEvent$23.class
com\raven\swing\TimePickerLabel.class
attendanceForms\attendanceSheet$1.class
update\updateStud$8.class
update\updateEvent$1.class
raven\menu\Menu$2.class
dbcon\attendanceDao1.class
view\view$2.class
add\addEvent$21.class
update\updateEvent1$10.class
dbcon\finesDao.class
update\updateEvents$20.class
frosttech\neweventhandler\SplashScreen1$jPanelGradient.class
attendanceForms\manualCheckout$ButtonRenderer.class
update\updateEvents$18.class
add\addEvent.class
add\addEvent$14.class
com\raven\swing\TimePicker$4.class
update\updateEvent1$13.class
com\raven\datechooser\EventDateChooser.class
combobox\ComboBoxMultiSelection$ComboBoxMultiUI$MultiComboPopup.class
update\updateEvent$4.class
tablesForm\JpanelLoader.class
attendanceForms\attendanceSheet$4.class
com\raven\swing\TimePicker$10.class
com\raven\swing\TimePickerButton$2.class
Main\NewJFrame1.class
attendanceForms\manualCheckin1$ButtonEditor$1.class
multiSelectComboBox\NewJFrame1$1.class
update\updateEvent$17.class
update\updateEvent$22.class
add\addEvent$9.class
add\addStudent$7.class
table\TableScrollButton$ScrollLayerUI.class
attendanceForms\manualCheckin1$ButtonEditor.class
raven\menu\MenuEvent.class
com\raven\datechooser\DateChooser$1.class
update\updateEvent$14.class
raven\scroll\win11\ScrollBarWin11UI$ScrollButton$1.class
formatting\inputFormatting.class
attendanceForms\manualCheckin1$1.class
com\raven\datechooser\Years.class
update\updateEvent1$2.class
update\updateEvents$16.class
combobox\ComboBoxMultiSelection$ComboBoxMultiCellEditor.class
add\autoAddStudent$1.class
update\updateEvent.class
frosttech\neweventhandler\LoginForm.class
raven\cell\TableActionEvent.class
update\updateEvent$21.class
Main\index.class
attendanceForms\attendanceSheet$3.class
multiSelectComboBox\NewJFrame$1.class
tablesForm\studentsList.class
update\updateEvent$3.class
update\updateEvents$22.class
add\addEvent$16.class
add\addStudent$4.class
raven\effect\RippleEffect$1.class
com\raven\swing\TimePicker$6.class
raven\menu\MenuAnimation.class
dbcon\bkup.class
backdrop\backdrop1$1.class
raven\scroll\win11\ScrollBarWin11UI$ScrollButton.class
raven\menu\Menu.class
initializer\EventGettersAndSetters.class
attendanceForms\attendanceSheet$2.class
update\updateEvent1$11.class
combobox\ComboBoxMultiSelection$ComboBoxMultiCellRenderer.class
Main\NewJFrame1$1.class
view\viewStudent.class
update\updateEvent1$28.class
raven\cell\ActionButton.class
com\raven\swing\TimePicker$7.class
update\updateEvent$20.class
raven\menu\MenuAnimation$1.class
update\updateEvents$23.class
com\raven\datechooser\DateChooser.class
raven\cell\ActionButton$1.class
update\updateEvent$15.class
add\addEvent$15.class
view\viewStudent$2.class
add\addEvent$20.class
update\updateEvents$1.class
add\addStudent$5.class
scroll\ScrollBarCustomUI.class
attendanceForms\manualCheckout$ButtonEditor.class
combobox\ComboBoxMultiSelection.class
com\raven\datechooser\Dates.class
Main\NewJFrame$1.class
update\updateEvent1$27.class
update\updateEvent$8.class
update\updateEvents$5.class
com\raven\datechooser\DateChooser$2.class
com\raven\swing\TimePicker$8.class
scroll\ScrollBarCustomUI$1.class
update\updateEvents$24.class
attendanceForms\checkOut$1.class
multiSelectComboBox\NewJFrame1.class
update\updateEvent$13.class
component\Header.class
update\updateEvents$17.class
add\addStudent$3.class
scroll\ScrollBarCustomUI$ScrollButton$1.class
add\addStudent$9.class
raven\scroll\win11\ScrollBarWin11UI$1.class
update\updateEvent$26.class
update\updateEvent1$1.class
com\raven\datechooser\SelectedAction.class
update\updateEvent1$21.class
com\raven\swing\TimePicker.class
com\raven\datechooser\DateChooser$8.class
add\addEvent$2.class
view\viewStudent$1.class
com\raven\swing\TimePicker$2.class
update\updateEvent$2.class
add\addEvent$25.class
dbcon\eventDao.class
update\updateStud$4.class
combobox\NewJFrame$1.class
raven\cell\PanelAction$3.class
com\raven\swing\TimePicker$11.class
frosttech\neweventhandler\SplashScreen1$1.class
tablesForm\studentsList$2.class
backdrop\bdrop.class
test\Test$5.class
raven\scroll\win11\ScrollPaneWin11$ScrollLayout.class
add\addEvent$8.class
combobox\Test$1.class
add\addEvent$13.class
effect\RippleEffect.class
multiSelectComboBox\ComboBoxMultiSelection$ComboBoxMultiUI.class
com\raven\swing\TimePicker$3.class
multiSelectComboBox\ComboBoxMultiSelection$ComboBoxMultiCellEditor.class
raven\scroll\win11\ScrollBarWin11UI$2.class
add\addStudent$8.class
update\updateEvent1$15.class
attendanceForms\checkIn.class
add\addEvent$1.class
update\updateEvent$18.class
update\updateEvent1$19.class
add\addStudent.class
attendanceForms\manualCheckin1$ButtonRenderer.class
raven\effect\RippleEffect$Effect$1.class
raven\swing\shadow\GraphicsUtilities.class
add\autoAddStudent$2.class
raven\cell\PanelAction$2.class
add\addEvent$17.class
attendanceForms\attendanceSheet.class
table\TextAreaCellRenderer.class
multiSelectComboBox\ComboBoxMultiSelection$ComboBoxMultiCellRenderer.class
backdrop\backdrop1.class
raven\menu\Menu$1.class
com\raven\swing\TimePicker$9.class
update\updateEvents$25.class
com\raven\datechooser\DateChooser$3.class
table\TableCustom$TableType.class
update\updateEvents$4.class
add\addEvent$12.class
raven\menu\MenuItem.class
update\updateEvent$12.class
update\updateEvent$7.class
update\updateEvent1$26.class
effect\RippleEffect$Effect.class
update\updateEvent$19.class
initializer\studentSettersAndGetters.class
add\autoAddStudent$3.class
table\BooleanCellRenderer.class
update\updateEvent1$14.class
add\addEvent$7.class
add\addStudent$2.class
combobox\Test$2.class
update\updateEvents.class
com\raven\datechooser\Event.class
add\addEvent$18.class
dbcon\StudentDao.class
Main\index$1.class
test\Test$1.class
com\raven\swing\TimePicker$1.class
attendanceForms\checkOut.class
add\addEvent$11.class
raven\scroll\win11\PolygonCorner.class
update\updateEvent1$20.class
com\raven\datechooser\Slider$4.class
attendanceForms\checkIn$1.class
update\updateStud.class
table\TableScrollButton.class
effect\RippleEffect$Effect$1.class
add\addEvent$6.class
update\updateEvent1$23.class
update\updateEvent1.class
test\Test$4.class
Main\NewJFrame.class
frosttech\neweventhandler\LoginForm$3.class
view\view1.class
add\addEvent$24.class
update\updateEvents$10.class
update\updateStud$5.class
multiSelectComboBox\ComboBoxMultiSelection$ComboBoxMultiUI$MultiComboPopup.class
tablesForm\studentsList$3.class
add\addEvent$3.class
com\raven\swing\TimePickerMenu.class
com\raven\datechooser\Slider$1.class
update\updateEvent1$18.class
Main\NewJFrame$2.class
add\addEvent$19.class
attendanceForms\manualCheckout$2.class
component\DefaultForm.class
update\updateEvents$6.class
combobox\Test.class
initializer\displayOps.class
update\updateEvents$13.class
raven\scroll\win11\ScrollBarWin11UI.class
com\raven\datechooser\Slider.class
combobox\ComboBoxMultiSelection$ComboBoxMultiUI.class
update\updateEvent1$8.class
update\updateEvent$25.class
tablesForm\eventList$5.class
backdrop\bdrop$1.class
multiSelectComboBox\ComboBoxMultiSelection.class
com\raven\swing\TimeComponent$3.class
update\updateEvents$9.class
dbcon\DB.class
table\TableCustom$3.class
update\updateEvent1$5.class
tablesForm\eventList$2.class
combobox\NewJFrame.class
com\raven\swing\TimePickerButton.class
attendanceForms\manualCheckout.class
tablesForm\eventList.class
test\Test$3.class
attendanceForms\checkIn$2.class
update\updateStud$3.class
add\addEvent$26.class
frosttech\neweventhandler\SplashScreen1.class
view\view1$1.class
combobox\ComboBoxMultiSelection$CheckBoxIcon.class
dbcon\subjectDao.class
add\addEvent$5.class
tablesForm\studentsList$1.class
backdrop\backdrop$1.class
attendanceForms\checkOut$2.class
update\updateEvents$12.class
tablesForm\eventList$3.class
frosttech\neweventhandler\LoginForm$5.class
table\TableHeaderCustomCellRender.class
update\updateEvent$9.class
update\updateEvent1$16.class
update\updateEvent1$6.class
com\raven\datechooser\SelectedDate.class
Main\index1$1.class
com\raven\event\EventTimePicker.class
com\raven\datechooser\DateChooser$7.class
com\raven\datechooser\Slider$2.class
Main\index1.class
dbcon\attendanceDao.class
com\raven\datechooser\Months.class
view\view1$2.class
frosttech\neweventhandler\LoginForm$jPanelGradient.class
add\addEvent$27.class
add\autoAddStudent.class
update\updateEvent$27.class
com\raven\datechooser\Slider$3.class
test\Test.class
backdrop\backdrop.class
update\updateEvent1$7.class
update\updateStud$2.class
com\raven\datechooser\DateChooser$6.class
Main\index1$2.class
update\updateEvents$11.class
multiSelectComboBox\NewJFrame.class
tablesForm\eventList$4.class
attendanceForms\checkOut$3.class
frosttech\neweventhandler\NewEventHandler.class
update\updateEvents$7.class
raven\effect\RippleEffect$Effect.class
add\addEvent$4.class
formatting\userValidation.class
update\updateEvent1$22.class
view\view.class
attendanceForms\checkIn$3.class
update\updateEvent1$17.class
frosttech\neweventhandler\LoginForm$4.class
multiSelectComboBox\ComboBoxMultiSelection$Item.class
raven\scroll\win11\ScrollPaneWin11.class
